// Vitest Snapshot v1, https://vitest.dev/guide/snapshot.html

exports[`<Hero/> > should render Hero correctly 1`] = `
<div>
  <section
    class="hero__container"
    data-testid="hero"
  >
    <div>
      <p>
        VocÃª Ã© apaixonade por tecnologia e estÃ¡ ansiose para expandir seus conhecimentos no mundo do cÃ³digo aberto? NÃ£o procure mais! 
        <br />
        O Tecnocrias estÃ¡ te convocando para embarcar em uma jornada incrÃ­vel.ğŸš€
      </p>
    </div>
  </section>
</div>
`;
